// Jest Snapshot v1, https://goo.gl/fbAQLP

exports[`NotFound.vue renders correctly on server 1`] = `"<div data-server-rendered=\\"true\\" class=\\"container\\"><h1>404</h1> <p>The page you're looking for could not be found. Try selecting one of the lists in the nav bar.</p></div>"`;
